while/if/while/d: 1.0
while/if/while/d: 2.0
while/if/while/d: 3.0
while/if/d: 3.0
while/a: 1
while/else/a: 2
while/else/b: 6
while/a: 3
while/else/a: 4
while/else/b: 8
while/a: 5