1 neparne
gaee
2 parne
gaee
3 neparne
gaee
4 parne
gaee
5 neparne
gaee